// Jest Snapshot v1, https://goo.gl/fbAQLP

exports[`renders correctly 1`] = `
<form>
  <div
    className="form-group has-feedback has-error"
  >
    <label
      className="control-label"
      htmlFor="first_name"
    >
      First Name
    </label>
    <input
      className="form-control"
      id="first_name"
      onChange={[Function]}
      placeholder="Sean"
      type="text"
      value=""
    />
    <span
      className="form-control-feedback glyphicon glyphicon-remove"
    />
  </div>
  <div
    className="form-group has-feedback has-error"
  >
    <label
      className="control-label"
      htmlFor="last_name"
    >
      Last Name
    </label>
    <input
      className="form-control"
      id="last_name"
      onChange={[Function]}
      placeholder="Van Osselaer"
      type="text"
      value=""
    />
    <span
      className="form-control-feedback glyphicon glyphicon-remove"
    />
  </div>
  <div
    className="form-group has-feedback has-error"
  >
    <label
      className="control-label"
      htmlFor="annual_salary"
    >
      Annual Salary
    </label>
    <input
      className="form-control"
      id="annual_salary"
      onChange={[Function]}
      placeholder="175000"
      type="number"
      value={0}
    />
    <span
      className="form-control-feedback glyphicon glyphicon-remove"
    />
  </div>
  <div
    className="form-group"
  >
    <label
      className="control-label"
      htmlFor="year"
    >
      Year
    </label>
    <input
      className="form-control"
      id="year"
      onChange={[Function]}
      type="month"
      value="2017-09"
    />
  </div>
  <div
    className="form-group has-feedback has-success"
  >
    <label
      className="control-label"
      htmlFor="super_rate"
    >
      Super Rate
    </label>
    <input
      className="form-control"
      id="super_rate"
      onChange={[Function]}
      placeholder="9"
      type="number"
      value={9}
    />
    <span
      className="form-control-feedback glyphicon glyphicon-ok"
    />
  </div>
  <button
    className="btn btn-primary"
    disabled={false}
    onClick={[Function]}
    type="button"
  >
    Create
  </button>
</form>
`;
